ABB | ROE Difference = 12.49%
ABB | ROE Difference = 9.77%
ABB | ROE Difference = 9.77%
ABB | ROE Difference = 10.46%
ABB | ROE Difference = 10.46%
ABB | ROE Difference = 13.56%
ABB | ROE Difference = 13.56%
ABB | ROE Difference = 14.93%
ABB | ROE Difference = 14.93%
ABB | ROE Difference = 11.21%
ABB | ROE Difference = 11.21%
ABB | ROE Difference = 12.49%
ABB | ROE Difference = 12.49%
ABB | ROE Difference = 10.51%
ABB | ROE Difference = 10.51%
ABB | ROE Difference = 8.34%
ABB | ROE Difference = 8.34%
ABB | ROE Difference = 6.57%
ABB | ROE Difference = 6.57%
ABB | ROE Difference = 5.13%
ABB | ROE Difference = 5.13%
ADANIENSOL | ROE Difference = 8.59%
ADANIENSOL | ROE Difference = 9.24%
ADANIENSOL | ROE Difference = 5.18%
ADANIENSOL | ROE Difference = 5.53%
ADANIENSOL | ROE Difference = 10.28%
ADANIENSOL | ROE Difference = 5.87%
ADANIENT | ROE Difference = 7.95%
ADANIENT | ROE Difference = 6.17%
ADANIENT | ROE Difference = 7.10%
ADANIENT | ROE Difference = 9.70%
ADANIENT | ROE Difference = 10.21%
ADANIENT | ROE Difference = 7.50%
ADANIENT | ROE Difference = 7.54%
ADANIENT | ROE Difference = 10.10%
ADANIENT | ROE Difference = 6.31%
ADANIENT | ROE Difference = 5.11%
ADANIGREEN | ROE Difference = 18.61%
ADANIGREEN | ROE Difference = 24.99%
ADANIGREEN | ROE Difference = 39.27%
ADANIGREEN | ROE Difference = 17.59%
ADANIGREEN | ROE Difference = 6.43%
ADANIPORTS | ROE Difference = 7.53%
ADANIPORTS | ROE Difference = 6.26%
ADANIPORTS | ROE Difference = 6.22%
ADANIPORTS | ROE Difference = 7.53%
ADANIPORTS | ROE Difference = 6.26%
ADANIPORTS | ROE Difference = 6.22%
ADANIPOWER | ROE Difference = 110.56%
ADANIPOWER | ROE Difference = 61.55%
ADANIPOWER | ROE Difference = 71.35%
ADANIPOWER | ROE Difference = 49.72%
ADANIPOWER | ROE Difference = 262.90%
ADANIPOWER | ROE Difference = 293.66%
ADANIPOWER | ROE Difference = 69.86%
ADANIPOWER | ROE Difference = 92.20%
ADANIPOWER | ROE Difference = 47.41%
ADANIPOWER | ROE Difference = 30.49%
ADANIPOWER | ROE Difference = 21.19%
ADANIPOWER | ROE Difference = 8.82%
AMBUJACEM | ROE Difference = 5.45%
AMBUJACEM | ROE Difference = 5.53%
AMBUJACEM | ROE Difference = 5.40%
APOLLOHOSP | ROE Difference = 6.76%
APOLLOHOSP | ROE Difference = 9.86%
APOLLOHOSP | ROE Difference = 11.96%
APOLLOHOSP | ROE Difference = 7.81%
APOLLOHOSP | ROE Difference = 10.83%
APOLLOHOSP | ROE Difference = 5.89%
ASIANPAINT | ROE Difference = 6.50%
ASIANPAINT | ROE Difference = 6.50%
ASIANPAINT | ROE Difference = 8.14%
ASIANPAINT | ROE Difference = 8.14%
ASIANPAINT | ROE Difference = 6.41%
ASIANPAINT | ROE Difference = 6.41%
ASIANPAINT | ROE Difference = 9.11%
ASIANPAINT | ROE Difference = 9.11%
ASIANPAINT | ROE Difference = 5.22%
ASIANPAINT | ROE Difference = 5.22%
BAJAJ-AUTO | ROE Difference = 12.35%
BAJAJ-AUTO | ROE Difference = 12.35%
BAJAJ-AUTO | ROE Difference = 6.74%
BAJAJ-AUTO | ROE Difference = 6.74%
BAJAJ-AUTO | ROE Difference = 5.84%
BAJAJ-AUTO | ROE Difference = 5.84%
BAJAJ-AUTO | ROE Difference = 5.29%
BAJAJ-AUTO | ROE Difference = 5.29%
BAJAJ-AUTO | ROE Difference = 8.69%
BAJAJ-AUTO | ROE Difference = 8.69%
BAJAJ-AUTO | ROE Difference = 5.85%
BAJAJ-AUTO | ROE Difference = 5.85%
BAJAJ-AUTO | ROE Difference = 5.86%
BAJAJ-AUTO | ROE Difference = 5.86%
AXISBANK | ROE Difference = 11.87%
AXISBANK | ROE Difference = 17.97%
AXISBANK | ROE Difference = 11.50%
AXISBANK | ROE Difference = 16.52%
AXISBANK | ROE Difference = 12.04%
AXISBANK | ROE Difference = 7.39%
AXISBANK | ROE Difference = 11.02%
BAJAJFINSV | ROE Difference = 16.66%
BAJAJFINSV | ROE Difference = 11.81%
BAJAJFINSV | ROE Difference = 10.00%
BAJAJFINSV | ROE Difference = 8.69%
BAJAJFINSV | ROE Difference = 9.64%
BAJAJFINSV | ROE Difference = 8.67%
BAJAJFINSV | ROE Difference = 10.92%
BAJAJFINSV | ROE Difference = 7.43%
BAJAJFINSV | ROE Difference = 8.84%
BAJAJFINSV | ROE Difference = 8.94%
BAJAJFINSV | ROE Difference = 14.59%
BAJAJFINSV | ROE Difference = 14.13%
BAJAJHLDNG | ROE Difference = 5.17%
BAJFINANCE | ROE Difference = 6.35%
BAJFINANCE | ROE Difference = 5.82%
BAJFINANCE | ROE Difference = 10.13%
BAJFINANCE | ROE Difference = 6.02%
BANKBARODA | ROE Difference = 7.30%
BANKBARODA | ROE Difference = 28.54%
BANKBARODA | ROE Difference = 12.39%
BANKBARODA | ROE Difference = 20.64%
BANKBARODA | ROE Difference = 14.58%
BANKBARODA | ROE Difference = 15.41%
BANKBARODA | ROE Difference = 14.73%
BANKBARODA | ROE Difference = 8.06%
BHARTIARTL | ROE Difference = 10.40%
BHARTIARTL | ROE Difference = 9.85%
BHARTIARTL | ROE Difference = 8.61%
BHARTIARTL | ROE Difference = 11.76%
BHARTIARTL | ROE Difference = 12.54%
BHARTIARTL | ROE Difference = 54.65%
BHARTIARTL | ROE Difference = 35.87%
BEL | ROE Difference = 15157.03%
BEL | ROE Difference = 13573.70%
BEL | ROE Difference = 17073.70%
BEL | ROE Difference = 11115.37%
BEL | ROE Difference = 10127.03%
BEL | ROE Difference = 4589.83%
BEL | ROE Difference = 3824.72%
BEL | ROE Difference = 3291.88%
BEL | ROE Difference = 3533.02%
BEL | ROE Difference = 3451.96%
BEL | ROE Difference = 3955.03%
BEL | ROE Difference = 4717.75%
BHEL | ROE Difference = 20.86%
BHEL | ROE Difference = 9.51%
BHEL | ROE Difference = 6.17%
BHEL | ROE Difference = 11.44%
BOSCHLTD | ROE Difference = 8.99%
BOSCHLTD | ROE Difference = 11.09%
BPCL | ROE Difference = 30.36%
BPCL | ROE Difference = 21.05%
BPCL | ROE Difference = 19.38%
BPCL | ROE Difference = 12.80%
BPCL | ROE Difference = 11.05%
BPCL | ROE Difference = 15.16%
BPCL | ROE Difference = 19.90%
BPCL | ROE Difference = 31.86%
BPCL | ROE Difference = 9.56%
BPCL | ROE Difference = 19.39%
BPCL | ROE Difference = 37.92%
BPCL | ROE Difference = 6.39%
BRITANNIA | ROE Difference = 10.51%
BRITANNIA | ROE Difference = 7.60%
BRITANNIA | ROE Difference = 17.66%
BRITANNIA | ROE Difference = 24.27%
BRITANNIA | ROE Difference = 27.62%
BRITANNIA | ROE Difference = 29.94%
BRITANNIA | ROE Difference = 25.44%
BRITANNIA | ROE Difference = 8.43%
CANBK | ROE Difference = 6.00%
CANBK | ROE Difference = 9.05%
CANBK | ROE Difference = 8.88%
CANBK | ROE Difference = 25.72%
CANBK | ROE Difference = 13.83%
CANBK | ROE Difference = 28.40%
CANBK | ROE Difference = 16.05%
CANBK | ROE Difference = 22.56%
CANBK | ROE Difference = 13.16%
CANBK | ROE Difference = 9.10%
CHOLAFIN | ROE Difference = 7.35%
CIPLA | ROE Difference = 5.42%
CIPLA | ROE Difference = 8.55%
CIPLA | ROE Difference = 6.84%
CIPLA | ROE Difference = 6.86%
CIPLA | ROE Difference = 7.28%
COALINDIA | ROE Difference = 16.19%
COALINDIA | ROE Difference = 16.36%
COALINDIA | ROE Difference = 17.98%
COALINDIA | ROE Difference = 11.04%
COALINDIA | ROE Difference = 14.15%
COALINDIA | ROE Difference = 17.12%
COALINDIA | ROE Difference = 14.01%
COALINDIA | ROE Difference = 17.22%
COALINDIA | ROE Difference = 11.72%
COALINDIA | ROE Difference = 6.83%
DABUR | ROE Difference = 17.36%
DABUR | ROE Difference = 15.29%
DABUR | ROE Difference = 12.64%
DABUR | ROE Difference = 10.86%
DABUR | ROE Difference = 7.21%
DABUR | ROE Difference = 6.47%
DIVISLAB | ROE Difference = 11.87%
DIVISLAB | ROE Difference = 13.88%
DIVISLAB | ROE Difference = 12.17%
DIVISLAB | ROE Difference = 14.03%
DIVISLAB | ROE Difference = 7.59%
DIVISLAB | ROE Difference = 7.25%
DIVISLAB | ROE Difference = 6.64%
DIVISLAB | ROE Difference = 9.14%
DIVISLAB | ROE Difference = 13.04%
DLF | ROE Difference = 5.10%
DLF | ROE Difference = 5.68%
DLF | ROE Difference = 5.73%
DLF | ROE Difference = 8.66%
DMART | ROE Difference = 6.54%
DMART | ROE Difference = 5.48%
DRREDDY | ROE Difference = 10.86%
DRREDDY | ROE Difference = 13.87%
DRREDDY | ROE Difference = 7.50%
DRREDDY | ROE Difference = 8.41%
DRREDDY | ROE Difference = 10.33%
DRREDDY | ROE Difference = 10.04%
EICHERMOT | ROE Difference = 12.43%
EICHERMOT | ROE Difference = 6.99%
EICHERMOT | ROE Difference = 5.90%
EICHERMOT | ROE Difference = 12.42%
EICHERMOT | ROE Difference = 10.90%
GAIL | ROE Difference = 8.85%
GAIL | ROE Difference = 5.42%
GAIL | ROE Difference = 5.31%
GAIL | ROE Difference = 5.19%
GAIL | ROE Difference = 5.38%
GODREJCP | ROE Difference = 18.74%
GODREJCP | ROE Difference = 14.93%
GODREJCP | ROE Difference = 15.87%
GODREJCP | ROE Difference = 12.71%
GODREJCP | ROE Difference = 17.90%
GODREJCP | ROE Difference = 19.34%
GODREJCP | ROE Difference = 25.46%
GODREJCP | ROE Difference = 12.18%
GODREJCP | ROE Difference = 11.46%
GODREJCP | ROE Difference = 8.66%
GODREJCP | ROE Difference = 5.57%
GODREJCP | ROE Difference = 11.22%
GRASIM | ROE Difference = 12.32%
GRASIM | ROE Difference = 6.77%
GRASIM | ROE Difference = 5.70%
GRASIM | ROE Difference = 6.63%
GRASIM | ROE Difference = 7.90%
GRASIM | ROE Difference = 7.17%
HAL | ROE Difference = 1938.02%
HAL | ROE Difference = 1499.56%
HAL | ROE Difference = 1735.01%
HAL | ROE Difference = 2030.52%
HAL | ROE Difference = 2220.41%
HAL | ROE Difference = 3295.28%
HAL | ROE Difference = 3254.15%
HAL | ROE Difference = 3787.68%
HAVELLS | ROE Difference = 22.29%
HAVELLS | ROE Difference = 8.77%
HAVELLS | ROE Difference = 24.95%
HCLTECH | ROE Difference = 7.39%
HCLTECH | ROE Difference = 10.09%
HCLTECH | ROE Difference = 7.01%
HDFCLIFE | ROE Difference = 22.03%
HDFCLIFE | ROE Difference = 26.20%
HDFCLIFE | ROE Difference = 19.53%
HDFCLIFE | ROE Difference = 14.93%
HDFCLIFE | ROE Difference = 11.78%
HDFCLIFE | ROE Difference = 12.13%
HDFCLIFE | ROE Difference = 11.25%
HDFCLIFE | ROE Difference = 7.65%
HEROMOTOCO | ROE Difference = 15.38%
HEROMOTOCO | ROE Difference = 14.15%
HEROMOTOCO | ROE Difference = 13.23%
HEROMOTOCO | ROE Difference = 12.37%
HEROMOTOCO | ROE Difference = 9.09%
HEROMOTOCO | ROE Difference = 7.30%
HEROMOTOCO | ROE Difference = 5.19%
HINDALCO | ROE Difference = 9.52%
HINDALCO | ROE Difference = 11.93%
HINDALCO | ROE Difference = 6.11%
HINDALCO | ROE Difference = 7.36%
HINDUNILVR | ROE Difference = 113.80%
HINDUNILVR | ROE Difference = 91.65%
HINDUNILVR | ROE Difference = 88.47%
HINDUNILVR | ROE Difference = 42.95%
HINDUNILVR | ROE Difference = 46.38%
HINDUNILVR | ROE Difference = 51.59%
HINDUNILVR | ROE Difference = 56.83%
HINDUNILVR | ROE Difference = 61.90%
ICICIBANK | ROE Difference = 7.19%
ICICIBANK | ROE Difference = 7.96%
ICICIBANK | ROE Difference = 10.57%
ICICIBANK | ROE Difference = 13.82%
ICICIBANK | ROE Difference = 9.67%
ICICIBANK | ROE Difference = 5.88%
ICICIPRULI | ROE Difference = 30.18%
ICICIPRULI | ROE Difference = 27.54%
ICICIPRULI | ROE Difference = 23.08%
ICICIPRULI | ROE Difference = 22.93%
ICICIPRULI | ROE Difference = 18.19%
ICICIPRULI | ROE Difference = 16.56%
ICICIPRULI | ROE Difference = 8.51%
ICICIPRULI | ROE Difference = 6.72%
INDUSINDBK | ROE Difference = 8.66%
INDUSINDBK | ROE Difference = 5.53%
INFY | ROE Difference = 6.98%
INFY | ROE Difference = 7.87%
INFY | ROE Difference = 7.41%
INFY | ROE Difference = 9.95%
INFY | ROE Difference = 10.99%
INFY | ROE Difference = 7.11%
INFY | ROE Difference = 8.07%
INFY | ROE Difference = 6.38%
INFY | ROE Difference = 6.36%
IOC | ROE Difference = 19.69%
IOC | ROE Difference = 15.18%
IOC | ROE Difference = 18.36%
IOC | ROE Difference = 11.64%
IOC | ROE Difference = 5.47%
IOC | ROE Difference = 5.57%
IOC | ROE Difference = 10.08%
IOC | ROE Difference = 27.41%
IOC | ROE Difference = 5.98%
IOC | ROE Difference = 6.17%
IOC | ROE Difference = 17.06%
IRCTC | ROE Difference = 10.90%
IRCTC | ROE Difference = 5.53%
IRCTC | ROE Difference = 11.30%
IRCTC | ROE Difference = 17.26%
IRCTC | ROE Difference = 11.55%
IRCTC | ROE Difference = 27.56%
IRCTC | ROE Difference = 5.11%
IRCTC | ROE Difference = 6.00%
IRFC | ROE Difference = 6.33%
IRFC | ROE Difference = 5.92%
ITC | ROE Difference = 7.21%
ITC | ROE Difference = 6.90%
ITC | ROE Difference = 7.58%
ITC | ROE Difference = 7.77%
ITC | ROE Difference = 5.58%
ITC | ROE Difference = 7.29%
JINDALSTEL | ROE Difference = 5.71%
JINDALSTEL | ROE Difference = 21.00%
JINDALSTEL | ROE Difference = 23.62%
JINDALSTEL | ROE Difference = 22.55%
JINDALSTEL | ROE Difference = 19.42%
JINDALSTEL | ROE Difference = 21.62%
JINDALSTEL | ROE Difference = 15.34%
JSWENERGY | ROE Difference = 6.12%
JSWENERGY | ROE Difference = 9.66%
JSWENERGY | ROE Difference = 6.65%
JSWENERGY | ROE Difference = 7.63%
JSWSTEEL | ROE Difference = 6.22%
JSWSTEEL | ROE Difference = 9.76%
JSWSTEEL | ROE Difference = 14.20%
JSWSTEEL | ROE Difference = 10.17%
JSWSTEEL | ROE Difference = 9.96%
JSWSTEEL | ROE Difference = 5.18%
JSWSTEEL | ROE Difference = 19.45%
JSWSTEEL | ROE Difference = 5.36%
LICI | ROE Difference = 260.71%
LICI | ROE Difference = 206.85%
LICI | ROE Difference = 20.41%
LICI | ROE Difference = 27.23%
LICI | ROE Difference = 14.25%
LICI | ROE Difference = 14.16%
LODHA | ROE Difference = 6.99%
LODHA | ROE Difference = 32.10%
LODHA | ROE Difference = 5.60%
LODHA | ROE Difference = 9.66%
LODHA | ROE Difference = 6.83%
LT | ROE Difference = 384.66%
LT | ROE Difference = 292.93%
LT | ROE Difference = 234.62%
LT | ROE Difference = 205.60%
LT | ROE Difference = 195.81%
LT | ROE Difference = 196.87%
LT | ROE Difference = 198.32%
LT | ROE Difference = 191.10%
LT | ROE Difference = 166.41%
LT | ROE Difference = 62.43%
LT | ROE Difference = 65.03%
LT | ROE Difference = 67.18%
LTIM | ROE Difference = 15.93%
LTIM | ROE Difference = 35.82%
LTIM | ROE Difference = 11.92%
LTIM | ROE Difference = 13.30%
M&M | ROE Difference = 18.79%
M&M | ROE Difference = 14.35%
MARUTI | ROE Difference = 7.39%
MARUTI | ROE Difference = 8.74%
MOTHERSON | ROE Difference = 7.95%
MOTHERSON | ROE Difference = 25.27%
MOTHERSON | ROE Difference = 27.07%
MOTHERSON | ROE Difference = 28.55%
MOTHERSON | ROE Difference = 14.46%
MOTHERSON | ROE Difference = 11.07%
MOTHERSON | ROE Difference = 7.34%
MOTHERSON | ROE Difference = 6.06%
NAUKRI | ROE Difference = 10.06%
NAUKRI | ROE Difference = 6.49%
NAUKRI | ROE Difference = 5.21%
NAUKRI | ROE Difference = 5.14%
NAUKRI | ROE Difference = 22.06%
NAUKRI | ROE Difference = 20.84%
NAUKRI | ROE Difference = 13.65%
NAUKRI | ROE Difference = 23.84%
NAUKRI | ROE Difference = 72.27%
NESTLEIND | ROE Difference = 88.44%
NESTLEIND | ROE Difference = 93.84%
NESTLEIND | ROE Difference = 115.62%
NESTLEIND | ROE Difference = 105.11%
NESTLEIND | ROE Difference = 99.79%
NESTLEIND | ROE Difference = 91.86%
NESTLEIND | ROE Difference = 33.00%
NESTLEIND | ROE Difference = 32.49%
NESTLEIND | ROE Difference = 26.77%
NESTLEIND | ROE Difference = 38.38%
NESTLEIND | ROE Difference = 13.65%
NESTLEIND | ROE Difference = 17.86%
ONGC | ROE Difference = 7.70%
ONGC | ROE Difference = 8.73%
PFC | ROE Difference = 13.42%
PFC | ROE Difference = 7.33%
PFC | ROE Difference = 6.37%
PFC | ROE Difference = 6.69%
PFC | ROE Difference = 5.68%
PFC | ROE Difference = 6.67%
PIDILITIND | ROE Difference = 7.79%
PNB | ROE Difference = 803.60%
PNB | ROE Difference = 803.60%
PNB | ROE Difference = 803.60%
PNB | ROE Difference = 803.60%
PNB | ROE Difference = 803.60%
PNB | ROE Difference = 384.66%
PNB | ROE Difference = 384.66%
PNB | ROE Difference = 384.66%
PNB | ROE Difference = 384.66%
PNB | ROE Difference = 384.66%
PNB | ROE Difference = 214.54%
PNB | ROE Difference = 214.54%
PNB | ROE Difference = 214.54%
PNB | ROE Difference = 214.54%
PNB | ROE Difference = 214.54%
PNB | ROE Difference = 172.26%
PNB | ROE Difference = 172.26%
PNB | ROE Difference = 172.26%
PNB | ROE Difference = 172.26%
PNB | ROE Difference = 172.26%
PNB | ROE Difference = 13.51%
PNB | ROE Difference = 13.51%
PNB | ROE Difference = 13.51%
PNB | ROE Difference = 13.51%
PNB | ROE Difference = 13.51%
PNB | ROE Difference = 193.07%
PNB | ROE Difference = 193.07%
PNB | ROE Difference = 193.07%
PNB | ROE Difference = 193.07%
PNB | ROE Difference = 193.07%
PNB | ROE Difference = 137.15%
PNB | ROE Difference = 137.15%
PNB | ROE Difference = 137.15%
PNB | ROE Difference = 137.15%
PNB | ROE Difference = 137.15%
PNB | ROE Difference = 21.69%
PNB | ROE Difference = 21.69%
PNB | ROE Difference = 21.69%
PNB | ROE Difference = 21.69%
PNB | ROE Difference = 21.69%
PNB | ROE Difference = 31.17%
PNB | ROE Difference = 31.17%
PNB | ROE Difference = 31.17%
PNB | ROE Difference = 31.17%
PNB | ROE Difference = 31.17%
PNB | ROE Difference = 21.97%
PNB | ROE Difference = 21.97%
PNB | ROE Difference = 21.97%
PNB | ROE Difference = 21.97%
PNB | ROE Difference = 21.97%
PNB | ROE Difference = 52.62%
PNB | ROE Difference = 52.62%
PNB | ROE Difference = 52.62%
PNB | ROE Difference = 52.62%
PNB | ROE Difference = 52.62%
POWERGRID | ROE Difference = 5.89%
POWERGRID | ROE Difference = 5.89%
POWERGRID | ROE Difference = 5.87%
POWERGRID | ROE Difference = 5.87%
POWERGRID | ROE Difference = 5.45%
POWERGRID | ROE Difference = 5.45%
RECLTD | ROE Difference = 8.54%
RECLTD | ROE Difference = 5.58%
RECLTD | ROE Difference = 8.15%
SBILIFE | ROE Difference = 11.03%
SBILIFE | ROE Difference = 9.69%
SBILIFE | ROE Difference = 8.09%
SBILIFE | ROE Difference = 5.83%
SBILIFE | ROE Difference = 5.20%
SBILIFE | ROE Difference = 5.62%
SBILIFE | ROE Difference = 5.52%
SHREECEM | ROE Difference = 13.92%
SHREECEM | ROE Difference = 5.19%
SHRIRAMFIN | ROE Difference = 5.47%
SIEMENS | ROE Difference = 5.32%
SIEMENS | ROE Difference = 23.73%
SIEMENS | ROE Difference = 8.24%
SIEMENS | ROE Difference = 6.96%
SIEMENS | ROE Difference = 11.00%
SIEMENS | ROE Difference = 8.58%
SIEMENS | ROE Difference = 5.81%
SUNPHARMA | ROE Difference = 6.44%
SUNPHARMA | ROE Difference = 10.07%
SUNPHARMA | ROE Difference = 8.95%
SUNPHARMA | ROE Difference = 7.48%
SUNPHARMA | ROE Difference = 11.81%
SUNPHARMA | ROE Difference = 9.64%
TATACONSUM | ROE Difference = 8.91%
TATAMOTORS | ROE Difference = 22.89%
TATAMOTORS | ROE Difference = 27.98%
TATAMOTORS | ROE Difference = 24.39%
TATAMOTORS | ROE Difference = 34.61%
TATAMOTORS | ROE Difference = 36.38%
TATAMOTORS | ROE Difference = 39.87%
TATAMOTORS | ROE Difference = 97.13%
TATAMOTORS | ROE Difference = 68.38%
TATAMOTORS | ROE Difference = 73.65%
TATAMOTORS | ROE Difference = 74.78%
TATAMOTORS | ROE Difference = 43.46%
TATAMOTORS | ROE Difference = 11.94%
TATAPOWER | ROE Difference = 10.30%
TATAPOWER | ROE Difference = 11.20%
TATAPOWER | ROE Difference = 8.11%
TATASTEEL | ROE Difference = 27.83%
TATASTEEL | ROE Difference = 19.11%
TATASTEEL | ROE Difference = 7.69%
TATASTEEL | ROE Difference = 17.57%
TATASTEEL | ROE Difference = 22.60%
TATASTEEL | ROE Difference = 6.68%
TATASTEEL | ROE Difference = 29.93%
TATASTEEL | ROE Difference = 11.88%
TCS | ROE Difference = 36.00%
TCS | ROE Difference = 38.78%
TCS | ROE Difference = 39.10%
TCS | ROE Difference = 33.72%
TCS | ROE Difference = 30.05%
TCS | ROE Difference = 29.88%
TCS | ROE Difference = 34.77%
TCS | ROE Difference = 38.05%
TCS | ROE Difference = 37.15%
TCS | ROE Difference = 42.61%
TCS | ROE Difference = 46.26%
TCS | ROE Difference = 50.42%
TECHM | ROE Difference = 15.46%
TECHM | ROE Difference = 15.46%
TECHM | ROE Difference = 24.72%
TECHM | ROE Difference = 24.72%
TECHM | ROE Difference = 13.08%
TECHM | ROE Difference = 13.08%
TECHM | ROE Difference = 12.12%
TECHM | ROE Difference = 12.12%
TECHM | ROE Difference = 8.72%
TECHM | ROE Difference = 8.72%
TECHM | ROE Difference = 11.46%
TECHM | ROE Difference = 11.46%
TECHM | ROE Difference = 12.51%
TECHM | ROE Difference = 12.51%
TECHM | ROE Difference = 9.24%
TECHM | ROE Difference = 9.24%
TECHM | ROE Difference = 8.88%
TECHM | ROE Difference = 8.88%
TECHM | ROE Difference = 12.31%
TECHM | ROE Difference = 12.31%
TECHM | ROE Difference = 8.76%
TECHM | ROE Difference = 8.76%
TITAN | ROE Difference = 6.44%
TITAN | ROE Difference = 13.65%
TITAN | ROE Difference = 16.43%
TITAN | ROE Difference = 11.25%
TITAN | ROE Difference = 10.02%
TITAN | ROE Difference = 10.51%
TITAN | ROE Difference = 19.91%
TITAN | ROE Difference = 9.27%
TITAN | ROE Difference = 5.27%
TORNTPHARM | ROE Difference = 6.39%
TORNTPHARM | ROE Difference = 10.69%
TORNTPHARM | ROE Difference = 5.95%
TORNTPHARM | ROE Difference = 25.40%
TORNTPHARM | ROE Difference = 9.53%
TORNTPHARM | ROE Difference = 14.97%
TORNTPHARM | ROE Difference = 11.15%
TRENT | ROE Difference = 29.39%
TRENT | ROE Difference = 29.12%
TRENT | ROE Difference = 18.13%
TRENT | ROE Difference = 23.44%
TRENT | ROE Difference = 21.71%
TRENT | ROE Difference = 21.75%
TRENT | ROE Difference = 21.43%
TRENT | ROE Difference = 22.76%
TRENT | ROE Difference = 35.03%
TRENT | ROE Difference = 25.72%
TRENT | ROE Difference = 12.02%
TRENT | ROE Difference = 9.11%
INDIGO | ROCE anomaly
